// Vitest Snapshot v1

exports[`Daybook Componente -> EntryView con New > Debe hacer match con el snapshot 1`] = `"22Agosto2022, Lunes. Subir foto"`;

exports[`Daybook Componente -> EntryView con id > Debe hacer match con el snapshot 1`] = `"22Agosto2022, Lunes. Borrar  Subir foto"`;
