// Vitest Snapshot v1

exports[`Daybook Componente -> EntryView con New > Debe hacer match con el snapshot 1`] = `"19Octubre2022, Miércoles. Subir foto"`;

exports[`Daybook Componente -> EntryView con id > Debe hacer match con el snapshot 1`] = `"19Octubre2022, Miércoles. Borrar  Subir foto"`;
