// Vitest Snapshot v1

exports[`Component -> FabButton > Debe hacer match con el snapshot 1`] = `
"<!-- Me voy a inventar un evento solo para testear -->
<button class=\\"btn btn-primary btn-circle shadow-lg\\">
  <icon-stub icon=\\"testing-icon\\" class=\\"h-6 w-6\\"></icon-stub>
</button>"
`;
